[live.themewild.com/aquax/index.html]
[backblue.gif]
[fade.gif]
[index.html]
[live.themewild.com/aquax/assets/img/logo/favicon.png]
[live.themewild.com/aquax/assets/css/bootstrap.min.css]
[live.themewild.com/aquax/assets/css/all-fontawesome.min.css]
[live.themewild.com/aquax/assets/css/animate.min.css]
[live.themewild.com/aquax/assets/css/magnific-popup.min.css]
[live.themewild.com/aquax/assets/css/owl.carousel.min.css]
[live.themewild.com/aquax/assets/css/style.css]
[live.themewild.com/aquax/assets/img/logo/logo.png]
[live.themewild.com/aquax/index-2.html]
[live.themewild.com/aquax/index-3.html]
[live.themewild.com/aquax/about.html]
[live.themewild.com/aquax/service.html]
[live.themewild.com/aquax/service-2.html]
[live.themewild.com/aquax/service-single.html]
[live.themewild.com/aquax/team.html]
[live.themewild.com/aquax/gallery.html]
[live.themewild.com/aquax/login.html]
[live.themewild.com/aquax/register.html]
[live.themewild.com/aquax/forgot-password.html]
[live.themewild.com/aquax/pricing.html]
[live.themewild.com/aquax/faq.html]
[live.themewild.com/aquax/testimonial.html]
[live.themewild.com/aquax/404.html]
[live.themewild.com/aquax/coming-soon.html]
[live.themewild.com/aquax/terms.html]
[live.themewild.com/aquax/privacy.html]
[live.themewild.com/aquax/project.html]
[live.themewild.com/aquax/project-2.html]
[live.themewild.com/aquax/project-single.html]
[live.themewild.com/aquax/blog.html]
[live.themewild.com/aquax/blog-single.html]
[live.themewild.com/aquax/contact.html]
[live.themewild.com/aquax/assets/img/slider/slider-1.jpg]
[live.themewild.com/aquax/assets/img/slider/slider-2.jpg]
[live.themewild.com/aquax/assets/img/slider/slider-3.jpg]
[live.themewild.com/aquax/assets/img/icon/fish.svg]
[live.themewild.com/aquax/assets/img/icon/fish-2.svg]
[live.themewild.com/aquax/assets/img/icon/fisherman.svg]
[live.themewild.com/aquax/assets/img/icon/fish-3.svg]
[live.themewild.com/aquax/assets/img/shape/04.png]
[live.themewild.com/aquax/assets/img/about/01.jpg]
[live.themewild.com/aquax/assets/img/icon/aquaculture.svg]
[live.themewild.com/aquax/assets/img/icon/fish-4.svg]
[live.themewild.com/aquax/assets/img/icon/happy.svg]
[live.themewild.com/aquax/assets/img/icon/award.svg]
[live.themewild.com/aquax/assets/img/service/01.jpg]
[live.themewild.com/aquax/assets/img/icon/prawn.svg]
[live.themewild.com/aquax/assets/img/service/02.jpg]
[live.themewild.com/aquax/assets/img/icon/horn-fish.svg]
[live.themewild.com/aquax/assets/img/service/03.jpg]
[live.themewild.com/aquax/assets/img/icon/aquafarming.svg]
[live.themewild.com/aquax/assets/img/service/04.jpg]
[live.themewild.com/aquax/assets/img/icon/aquafarming-2.svg]
[live.themewild.com/aquax/assets/img/service/05.jpg]
[live.themewild.com/aquax/assets/img/icon/green-care.svg]
[live.themewild.com/aquax/assets/img/service/06.jpg]
[live.themewild.com/aquax/assets/img/icon/water-change.svg]
[live.themewild.com/aquax/assets/img/video/01.jpg]
[live.themewild.com/aquax/assets/img/project/01.jpg]
[live.themewild.com/aquax/assets/img/project/02.jpg]
[live.themewild.com/aquax/assets/img/project/03.jpg]
[live.themewild.com/aquax/assets/img/project/04.jpg]
[live.themewild.com/aquax/assets/img/project/05.jpg]
[live.themewild.com/aquax/assets/img/project/06.jpg]
[live.themewild.com/aquax/assets/img/icon/aquaculture-2.svg]
[live.themewild.com/aquax/assets/img/icon/aquaculture-3.svg]
[live.themewild.com/aquax/assets/img/choose/01.jpg]
[live.themewild.com/aquax/assets/img/icon/fish-box.svg]
[live.themewild.com/aquax/assets/img/icon/pond.svg]
[live.themewild.com/aquax/assets/img/icon/pond-fish.svg]
[live.themewild.com/aquax/assets/img/icon/feeding-fish.svg]
[live.themewild.com/aquax/assets/img/team/01.jpg]
[live.themewild.com/aquax/assets/img/team/02.jpg]
[live.themewild.com/aquax/assets/img/team/03.jpg]
[live.themewild.com/aquax/assets/img/team/04.jpg]
[live.themewild.com/aquax/assets/img/quote/01.jpg]
[live.themewild.com/aquax/assets/img/testimonial/01.jpg]
[live.themewild.com/aquax/assets/img/testimonial/02.jpg]
[live.themewild.com/aquax/assets/img/testimonial/03.jpg]
[live.themewild.com/aquax/assets/img/testimonial/04.jpg]
[live.themewild.com/aquax/assets/img/partner/01.png]
[live.themewild.com/aquax/assets/img/blog/01.jpg]
[live.themewild.com/aquax/assets/img/blog/02.jpg]
[live.themewild.com/aquax/assets/img/blog/03.jpg]
[live.themewild.com/aquax/assets/img/shape/01.png]
[live.themewild.com/aquax/assets/img/logo/logo-light.png]
[live.themewild.com/cdn-cgi/scripts/5c5dd728/cloudflare-static/email-decode.min.js]
[live.themewild.com/aquax/assets/js/jquery-3.6.0.min.js]
[live.themewild.com/aquax/assets/js/modernizr.min.js]
[live.themewild.com/aquax/assets/js/bootstrap.bundle.min.js]
[live.themewild.com/aquax/assets/js/imagesloaded.pkgd.min.js]
[live.themewild.com/aquax/assets/js/jquery.magnific-popup.min.js]
[live.themewild.com/aquax/assets/js/isotope.pkgd.min.js]
[live.themewild.com/aquax/assets/js/jquery.appear.min.js]
[live.themewild.com/aquax/assets/js/jquery.easing.min.js]
[live.themewild.com/aquax/assets/js/owl.carousel.min.js]
[live.themewild.com/aquax/assets/js/counter-up.js]
[live.themewild.com/aquax/assets/js/wow.min.js]
[live.themewild.com/aquax/assets/js/main.js]
[live.themewild.com/aquax/index.html]
[live.themewild.com/aquax/assets/css/bootstrap.min.css]
[live.themewild.com/aquax/assets/fonts/fa-brands-400.woff2]
[live.themewild.com/aquax/assets/fonts/fa-brands-400.ttf]
[live.themewild.com/aquax/assets/fonts/fa-duotone-900.woff2]
[live.themewild.com/aquax/assets/fonts/fa-light-300.woff2]
[live.themewild.com/aquax/assets/fonts/fa-duotone-900.ttf]
[live.themewild.com/aquax/assets/fonts/fa-regular-400.woff2]
[live.themewild.com/aquax/assets/fonts/fa-light-300.ttf]
[live.themewild.com/aquax/assets/fonts/fa-solid-900.woff2]
[live.themewild.com/aquax/assets/fonts/fa-regular-400.ttf]
[live.themewild.com/aquax/assets/fonts/fa-thin-100.woff2]
[live.themewild.com/aquax/assets/fonts/fa-solid-900.ttf]
[live.themewild.com/aquax/assets/fonts/fa-v4compatibility.woff2]
[live.themewild.com/aquax/assets/css/all-fontawesome.min.css]
[live.themewild.com/aquax/assets/css/animate.min.css]
[live.themewild.com/aquax/assets/css/magnific-popup.min.css]
[live.themewild.com/aquax/assets/fonts/fa-v4compatibility.ttf]
[live.themewild.com/aquax/assets/css/owl.video.play.png]
[live.themewild.com/aquax/assets/css/owl.carousel.min.css]
[live.themewild.com/aquax/assets/fonts/fa-thin-100.ttf]
[live.themewild.com/aquax/assets/img/testimonial/bg.jpg]
[live.themewild.com/aquax/assets/img/shape/05.png]
[live.themewild.com/aquax/assets/img/cta/01.jpg]
[live.themewild.com/aquax/assets/img/shape/06.png]
[live.themewild.com/aquax/assets/img/shape/02.png]
[live.themewild.com/aquax/assets/img/shape/03.png]
[live.themewild.com/aquax/assets/img/shape/07.png]
[live.themewild.com/aquax/assets/css/style.css]
[live.themewild.com/aquax/assets/img/gallery/01.jpg]
[live.themewild.com/aquax/assets/img/gallery/02.jpg]
[live.themewild.com/aquax/assets/img/gallery/03.jpg]
[live.themewild.com/aquax/assets/img/gallery/04.jpg]
[live.themewild.com/aquax/assets/img/gallery/05.jpg]
[live.themewild.com/aquax/assets/img/gallery/06.jpg]
[live.themewild.com/aquax/index-2.html]
[live.themewild.com/aquax/index-3.html]
[live.themewild.com/aquax/assets/img/breadcrumb/01.jpg]
[live.themewild.com/aquax/about.html]
[live.themewild.com/aquax/service.html]
[live.themewild.com/aquax/service-2.html]
[live.themewild.com/aquax/assets/img/service/single.jpg]
[live.themewild.com/aquax/service-single.html]
[live.themewild.com/aquax/team.html]
[live.themewild.com/aquax/gallery.html]
[live.themewild.com/aquax/login.html]
[live.themewild.com/aquax/register.html]
[live.themewild.com/aquax/forgot-password.html]
[live.themewild.com/aquax/pricing.html]
[live.themewild.com/aquax/faq.html]
[live.themewild.com/aquax/testimonial.html]
[live.themewild.com/aquax/assets/img/error/404.png]
[live.themewild.com/aquax/404.html]
[live.themewild.com/aquax/assets/img/coming-soon/01.jpg]
[live.themewild.com/aquax/assets/js/countdown.min.js]
[live.themewild.com/aquax/coming-soon.html]
[live.themewild.com/aquax/terms.html]
[live.themewild.com/aquax/privacy.html]
[live.themewild.com/aquax/project.html]
[live.themewild.com/aquax/project-2.html]
[live.themewild.com/aquax/assets/img/project/single.jpg]
[live.themewild.com/aquax/project-single.html]
[live.themewild.com/aquax/blog.html]
[live.themewild.com/aquax/assets/img/blog/single.jpg]
[live.themewild.com/aquax/assets/img/blog/author.jpg]
[live.themewild.com/aquax/assets/img/blog/com-1.jpg]
[live.themewild.com/aquax/assets/img/blog/com-2.jpg]
[live.themewild.com/aquax/assets/img/blog/com-3.jpg]
[live.themewild.com/aquax/assets/img/blog/bs-1.jpg]
[live.themewild.com/aquax/assets/img/blog/bs-2.jpg]
[live.themewild.com/aquax/assets/img/blog/bs-3.jpg]
[live.themewild.com/aquax/blog-single.html]
[live.themewild.com/aquax/assets/img/contact/01.jpg]
[live.themewild.com/aquax/assets/js/contact-form.js]
[live.themewild.com/aquax/contact.html]
[live.themewild.com/aquax/assets/img/icon/fish.svg]
[live.themewild.com/aquax/assets/img/icon/fish-2.svg]
[live.themewild.com/aquax/assets/img/icon/fisherman.svg]
[live.themewild.com/aquax/assets/img/icon/fish-3.svg]
[live.themewild.com/aquax/assets/img/icon/aquaculture.svg]
[live.themewild.com/aquax/assets/img/icon/fish-4.svg]
[live.themewild.com/aquax/assets/img/icon/happy.svg]
[live.themewild.com/aquax/assets/img/icon/award.svg]
[live.themewild.com/aquax/assets/img/icon/prawn.svg]
[live.themewild.com/aquax/assets/img/icon/horn-fish.svg]
[live.themewild.com/aquax/assets/img/icon/aquafarming.svg]
[live.themewild.com/aquax/assets/img/icon/aquafarming-2.svg]
[live.themewild.com/aquax/assets/img/icon/green-care.svg]
[live.themewild.com/aquax/assets/img/icon/water-change.svg]
[live.themewild.com/aquax/assets/img/icon/aquaculture-2.svg]
[live.themewild.com/aquax/assets/img/icon/aquaculture-3.svg]
[live.themewild.com/aquax/assets/img/icon/fish-box.svg]
[live.themewild.com/aquax/assets/img/icon/pond.svg]
[live.themewild.com/aquax/assets/img/icon/pond-fish.svg]
[live.themewild.com/aquax/assets/img/icon/feeding-fish.svg]
[live.themewild.com/aquax/assets/css/owl.video.play.html]
